C51 COMPILER V9.00   1                                                                     03/01/2023 19:33:29 PAGE 1   


C51 COMPILER V9.00, COMPILATION OF MODULE 1
OBJECT MODULE PLACED IN 1.OBJ
COMPILER INVOKED BY: D:\soft\Keil\C51\BIN\C51.EXE 1.c BROWSE DEBUG OBJECTEXTEND

line level    source

   1          #include <reg51.h>
   2          #include <intrins.h>
   3          sbit S0 = P3^0; // -----> 右移流水灯
   4          sbit S1 = P3^1; // <----- 左移流水灯
   5          sbit S2 = P3^2; // --><-- 双向流水灯
   6          
   7          int main() {
   8   1              int i;
   9   1              unsigned char x = 0x7f; // 初始值 0111 1111
  10   1              while(1){
  11   2                      if(S0 == 0) // 摁下S0   -----> 右移流水灯
  12   2                      {                         
  13   3                              P1 = x;                   // 点亮
  14   3                              x = _cror_(x, 1); // 循环右移
  15   3                              for(i = 0; i < 10000; i++);
  16   3                      }
  17   2                      if(S1 == 0) // 摁下S1   <----- 左移流水灯
  18   2                      {                 
  19   3                              x = _crol_(x ,1); // 循环左移
  20   3                              P1 = x;                   // 点亮
  21   3                              for(i = 0; i < 10000; i++);
  22   3                      }
  23   2                      if(S2 == 0) // 摁下S2   --><-- 双向流水灯
  24   2                      {
  25   3                              P1 = !((x)^(!x)); // 点亮
  26   3                              x = _cror_(x, 1); // 循环右移
  27   3                              for(i = 0; i < 10000; i++);
  28   3                      }
  29   2              }
  30   1              return 0;
  31   1      }


MODULE INFORMATION:   STATIC OVERLAYABLE
   CODE SIZE        =    115    ----
   CONSTANT SIZE    =   ----    ----
   XDATA SIZE       =   ----    ----
   PDATA SIZE       =   ----    ----
   DATA SIZE        =   ----    ----
   IDATA SIZE       =   ----    ----
   BIT SIZE         =   ----    ----
END OF MODULE INFORMATION.


C51 COMPILATION COMPLETE.  0 WARNING(S),  0 ERROR(S)
