C51 COMPILER V9.00   1                                                                     03/01/2023 19:36:40 PAGE 1   


C51 COMPILER V9.00, COMPILATION OF MODULE 1
OBJECT MODULE PLACED IN 1.OBJ
COMPILER INVOKED BY: D:\soft\Keil\C51\BIN\C51.EXE 1.c BROWSE DEBUG OBJECTEXTEND

line level    source

   1          #include <reg51.h>
   2          #include <intrins.h>
   3          
   4          int main() {
   5   1              int i;                                                   // 延迟循环条件变量
   6   1              unsigned char x = 0x3f;                  // 0011 1111
   7   1              while(1){                                                // 死循环
   8   2                  P1 = x;                                              // 点亮
   9   2                      x = _cror_(x,2);                         // 循环右移2位
  10   2                      for(i = 0; i < 10000; i++);      // 延迟
  11   2              }
  12   1          return 0;
  13   1      }


MODULE INFORMATION:   STATIC OVERLAYABLE
   CODE SIZE        =     30    ----
   CONSTANT SIZE    =   ----    ----
   XDATA SIZE       =   ----    ----
   PDATA SIZE       =   ----    ----
   DATA SIZE        =   ----    ----
   IDATA SIZE       =   ----    ----
   BIT SIZE         =   ----    ----
END OF MODULE INFORMATION.


C51 COMPILATION COMPLETE.  0 WARNING(S),  0 ERROR(S)
